// Vitest Snapshot v1, https://vitest.dev/guide/snapshot.html

exports[`TaskActions - Remaining Branches > matches snapshot 1`] = `
<div>
  <div
    class="
    flex
    flex-col
    lg:flex-row
    lg:items-center
    lg:justify-between
    gap-4
    mb-3
    cursor-pointer
    "
  >
    <div
      class="
      flex
      flex-wrap
      gap-3
      w-full
      lg:w-auto
      "
    >
      <button
        class="
    bg-[#6D4AFF]
    hover:bg-[#5B3DF4]
    text-white
    px-4
    py-2.5
    rounded-xl
    text-sm
    font-medium
    cursor-pointer
  "
      >
        Generate Report
      </button>
    </div>
    <button
      class="
          bg-[#6D4AFF]
          hover:bg-[#5B3DF4]
          text-white
          px-5
          py-2.5
          rounded-xl
          flex
          items-center
          gap-2
          font-medium
          shadow-sm
          cursor-pointer
        "
    >
      <svg
        aria-hidden="true"
        class="lucide lucide-plus"
        fill="none"
        height="18"
        stroke="currentColor"
        stroke-linecap="round"
        stroke-linejoin="round"
        stroke-width="2"
        viewBox="0 0 24 24"
        width="18"
        xmlns="http://www.w3.org/2000/svg"
      >
        <path
          d="M5 12h14"
        />
        <path
          d="M12 5v14"
        />
      </svg>
      Add Task
    </button>
    <div
      style="position: absolute; left: -9999px; top: 0px;"
    >
      <div
        data-testid="print-report"
      >
        Print Report
      </div>
    </div>
  </div>
</div>
`;
