// Vitest Snapshot v1, https://vitest.dev/guide/snapshot.html

exports[`BankSelector > matches snapshot 1`] = `
<div>
  <div
    class="
        bg-white
        border
        border-[#E2E8F0]
        rounded-2xl
        p-4
        xl:p-6
        2xl:p-8
        shadow-sm
      "
  >
    <div
      class="
          flex
          flex-col
          lg:flex-row
          lg:items-center
          gap-4
        "
    >
      <label
        class="
            text-base
            xl:text-lg
            2xl:text-xl
            font-semibold
            text-[#0B1F59]
            shrink-0
          "
      >
        Select Bank :
      </label>
      <div
        class="
            relative
            w-full
            lg:w-[380px]
            xl:w-[420px]
            2xl:w-[500px]
          "
      >
        <button
          class="
              w-full
              h-11
              xl:h-12
              2xl:h-14
              px-4
              border
              border-[#CBD5E1]
              rounded-xl
              bg-white
              flex
              items-center
              justify-between
              text-[#0B1F59]
              font-medium
              cursor-pointer
              hover:border-blue-500
              transition
            "
        >
          <span
            class="
                truncate
                text-sm
                xl:text-base
                2xl:text-lg
                flex-1
                text-left
              "
            title=""
          >
            Select Bank
          </span>
          <svg
            aria-hidden="true"
            class="lucide lucide-chevron-down transition-transform"
            fill="none"
            height="18"
            stroke="currentColor"
            stroke-linecap="round"
            stroke-linejoin="round"
            stroke-width="2"
            viewBox="0 0 24 24"
            width="18"
            xmlns="http://www.w3.org/2000/svg"
          >
            <path
              d="m6 9 6 6 6-6"
            />
          </svg>
        </button>
      </div>
    </div>
  </div>
</div>
`;
