// Vitest Snapshot v1, https://vitest.dev/guide/snapshot.html

exports[`WeightageSummary > matches snapshot 1`] = `
<div>
  <table>
    <tbody>
      <tr
        class="bg-slate-50"
      >
        <td
          class="px-5 py-4 font-bold"
        >
          Total Weightage
        </td>
        <td
          class="px-5 py-4 font-bold text-[#2563EB]"
        >
          100
          %
        </td>
        <td
          colspan="2"
        />
      </tr>
    </tbody>
  </table>
</div>
`;
